// Jest Snapshot v1, https://goo.gl/fbAQLP

exports[`snapshot 1`] = `
<div
  className="ui fluid container main-container"
>
  <h1>
    Analytics
  </h1>
  <form
    className="ui form"
    onSubmit={[Function]}
  >
    <div
      className="fields"
    >
      <div
        className="four wide field"
      >
        <label>
          Start Date:
        </label>
        <div
          className="ui input"
        >
          <input
            name="start"
            onBlur={[Function]}
            onChange={[Function]}
            type="date"
            value="2019-05-01"
          />
        </div>
      </div>
      <div
        className="four wide field"
      >
        <label>
          End Date:
        </label>
        <div
          className="ui input"
        >
          <input
            name="end"
            onBlur={[Function]}
            onChange={[Function]}
            type="date"
            value="2019-05-31"
          />
        </div>
      </div>
    </div>
  </form>
  <table
    className="ui blue unstackable table"
  >
    <thead
      className=""
    >
      <tr
        className=""
      >
        <th
          className=""
          colSpan="4"
        >
          Non-GAAP Measures
        </th>
      </tr>
      <tr
        className=""
      >
        <th
          className=""
        >
          Item
        </th>
        <th
          className=""
        >
          Amount
        </th>
        <th
          className=""
        >
          Price
        </th>
        <th
          className=""
        >
          Value
        </th>
      </tr>
    </thead>
    <tbody
      className=""
    >
      <tr
        className=""
      >
        <td
          className=""
        >
          Bananas sold
        </td>
        <td
          className=""
        >
          0
        </td>
        <td
          className=""
        >
          $
          0.35
        </td>
        <td
          className="positive"
        >
          $
          0.00
        </td>
      </tr>
      <tr
        className=""
      >
        <td
          className=""
        >
          Unsold unexpired bananas
        </td>
        <td
          className=""
        >
          0
        </td>
        <td
          className=""
        >
          $
          0.35
        </td>
        <td
          className="positive"
        >
          $
          0.00
        </td>
      </tr>
      <tr
        className=""
      >
        <td
          className=""
        >
          Unsold expired bananas
        </td>
        <td
          className=""
        >
          0
        </td>
        <td
          className=""
        >
          $
          0.20
        </td>
        <td
          className="negative"
        >
          $
          0.00
        </td>
      </tr>
      <tr
        className=""
      >
        <td
          className=""
        >
          All other purchased bananas
        </td>
        <td
          className=""
        >
          0
        </td>
        <td
          className=""
        >
          $
          0.20
        </td>
        <td
          className="negative"
        >
          $
          0.00
        </td>
      </tr>
      <tr
        className=""
      >
        <td
          className="right aligned"
          colSpan="3"
        >
          Potential Profit/Loss
        </td>
        <td
          className=""
        >
          $
          0.00
        </td>
      </tr>
    </tbody>
  </table>
  <table
    className="ui green unstackable table"
  >
    <thead
      className=""
    >
      <tr
        className=""
      >
        <th
          className=""
          colSpan="4"
        >
          GAAP Measures
        </th>
      </tr>
      <tr
        className=""
      >
        <th
          className=""
        >
          Item
        </th>
        <th
          className=""
        >
          Amount
        </th>
        <th
          className=""
        >
          Price
        </th>
        <th
          className=""
        >
          Value
        </th>
      </tr>
    </thead>
    <tbody
      className=""
    >
      <tr
        className=""
      >
        <td
          className=""
        >
          Bananas sold
        </td>
        <td
          className=""
        >
          0
        </td>
        <td
          className=""
        >
          $
          0.35
        </td>
        <td
          className="positive"
        >
          $
          0.00
        </td>
      </tr>
      <tr
        className=""
      >
        <td
          className=""
        >
          Bananas purchased
        </td>
        <td
          className=""
        >
          0
        </td>
        <td
          className=""
        >
          $
          0.20
        </td>
        <td
          className="negative"
        >
          $
          0.00
        </td>
      </tr>
      <tr
        className=""
      >
        <td
          className="right aligned"
          colSpan="3"
        >
          Profit/Loss
        </td>
        <td
          className=""
        >
          $
          0.00
        </td>
      </tr>
    </tbody>
  </table>
  <button
    className="ui blue button"
    onClick={[Function]}
  >
    <a
      className="button-text"
      href="/groups"
      onClick={[Function]}
    >
      List of Banana Groups
    </a>
  </button>
  <button
    className="ui blue button"
    onClick={[Function]}
  >
    <a
      className="button-text"
      href="/list"
      onClick={[Function]}
    >
      Full List of Bananas
    </a>
  </button>
  <h3>
    Experiment with your margins!
  </h3>
  <form
    className="ui form"
    onSubmit={[Function]}
  >
    <div
      className="fields"
    >
      <div
        className="four wide field"
      >
        <label>
          Buy Price:
        </label>
        <div
          className="ui input"
        >
          <input
            name="buyPrice"
            onBlur={[Function]}
            onChange={[Function]}
            type="number"
            value={0.2}
          />
        </div>
      </div>
      <div
        className="four wide field"
      >
        <label>
          Sell Price:
        </label>
        <div
          className="ui input"
        >
          <input
            name="sellPrice"
            onBlur={[Function]}
            onChange={[Function]}
            type="number"
            value={0.35}
          />
        </div>
      </div>
    </div>
  </form>
  <div
    className="field"
  >
    <button
      className="ui red button"
      onClick={[Function]}
    >
      Reset All Form Fields
    </button>
  </div>
</div>
`;
