// Jest Snapshot v1, https://goo.gl/fbAQLP

exports[`snapshot 1`] = `
<div
  className="container-fluid"
>
  <div
    className="row-title row"
  >
    <div
      className="col"
    >
      Analytics
    </div>
  </div>
  <div
    className="row-title row"
  >
    <div
      className="col"
    >
      Non-GAAP Measures
    </div>
  </div>
  <div
    className="row-subtitle row"
  >
    <div
      className="col"
    >
      Revenue
    </div>
    <div
      className="col"
    >
      Amount
    </div>
    <div
      className="col"
    >
      Price
    </div>
    <div
      className="col"
    >
      Value
    </div>
  </div>
  <div
    className="row"
  >
    <div
      className="col"
    >
      Bananas sold
    </div>
    <div
      className="col"
    >
      0
    </div>
    <div
      className="col"
    >
      $
      0.35
    </div>
    <div
      className="col"
    >
      $
      0.00
    </div>
  </div>
  <div
    className="row"
  >
    <div
      className="col"
    >
      Unsold unexpired bananas
    </div>
    <div
      className="col"
    >
      0
    </div>
    <div
      className="col"
    >
      0.35
    </div>
    <div
      className="col"
    >
      0.00
    </div>
  </div>
  <div
    className="row-subtitle row"
  >
    <div
      className="col"
    >
      Expenses
    </div>
    <div
      className="col"
    >
      Amount
    </div>
    <div
      className="col"
    >
      Price
    </div>
    <div
      className="col"
    >
      Value
    </div>
  </div>
  <div
    className="row"
  >
    <div
      className="col"
    >
      Unsold expired bananas
    </div>
    <div
      className="col"
    >
      0
    </div>
    <div
      className="col"
    >
      0.20
    </div>
    <div
      className="col"
    >
      0.00
    </div>
  </div>
  <div
    className="row"
  >
    <div
      className="col"
    >
      All other purchased bananas
    </div>
    <div
      className="col"
    >
      0
    </div>
    <div
      className="col"
    >
      0.20
    </div>
    <div
      className="col"
    >
      0.00
    </div>
  </div>
  <div
    className="row-subtitle row"
  >
    <div
      className="col"
    >
      Profit/Loss
    </div>
    <div
      className="col"
    />
    <div
      className="col"
    />
    <div
      className="col"
    />
  </div>
  <div
    className="row-data row"
  >
    <div
      className="col"
    >
      total
    </div>
    <div
      className="col"
    />
    <div
      className="col"
    />
    <div
      className="col"
    >
      $
      0.00
    </div>
  </div>
  <div
    className="row-title row"
  >
    <div
      className="col"
    >
      GAAP Measures
    </div>
  </div>
  <div
    className="row-subtitle row"
  >
    <div
      className="col"
    >
      Revenue
    </div>
    <div
      className="col"
    >
      Amount
    </div>
    <div
      className="col"
    >
      Price
    </div>
    <div
      className="col"
    >
      Value
    </div>
  </div>
  <div
    className="row-data row"
  >
    <div
      className="col"
    >
      Bananas
    </div>
    <div
      className="col"
    >
      0
    </div>
    <div
      className="col"
    >
      0.35
    </div>
    <div
      className="col"
    >
      0.00
    </div>
  </div>
  <div
    className="row-subtitle row"
  >
    <div
      className="col"
    >
      Expenses
    </div>
    <div
      className="col"
    >
      Amount
    </div>
    <div
      className="col"
    >
      Price
    </div>
    <div
      className="col"
    >
      Value
    </div>
  </div>
  <div
    className="row-data row"
  >
    <div
      className="col"
    >
      Bananas
    </div>
    <div
      className="col"
    >
      0
    </div>
    <div
      className="col"
    >
      0.20
    </div>
    <div
      className="col"
    >
      0.00
    </div>
  </div>
  <div
    className="row-subtitle row"
  >
    <div
      className="col"
    >
      Profit/Loss
    </div>
    <div
      className="col"
    />
    <div
      className="col"
    />
    <div
      className="col"
    />
  </div>
  <div
    className="row-data row"
  >
    <div
      className="col"
    >
      total
    </div>
    <div
      className="col"
    />
    <div
      className="col"
    />
    <div
      className="col"
    >
      $
      0.00
    </div>
  </div>
  <div
    className="row-title row"
  >
    <div
      className="col"
    >
      Experiment with your margins!
    </div>
  </div>
  <div
    className="row"
  >
    <div
      className="col"
    >
      <div
        className="form-group"
      >
        <label
          htmlFor="buy"
        >
          Buy Price
          <input
            className="form-control form-control-sm"
            name="buy"
            onBlur={[Function]}
            onChange={[Function]}
            type="number"
            value={0.2}
          />
        </label>
      </div>
      <div
        className="form-group"
      >
        <label
          htmlFor="sell"
        >
          Sell Price
          <input
            className="form-control form-control-sm"
            name="sell"
            onBlur={[Function]}
            onChange={[Function]}
            type="number"
            value={0.35}
          />
        </label>
      </div>
    </div>
  </div>
</div>
`;
