// Jest Snapshot v1, https://goo.gl/fbAQLP

exports[`snapshot 1`] = `
<form
  className="ui form"
  onSubmit={[Function]}
>
  <div
    className="fields"
  >
    <div
      className="four wide field"
    >
      <label>
        Start Date:
      </label>
      <div
        className="ui input"
      >
        <input
          name="start"
          onChange={[Function]}
          type="date"
        />
      </div>
    </div>
    <div
      className="four wide field"
    >
      <label>
        End Date:
      </label>
      <div
        className="ui input"
      >
        <input
          name="end"
          onChange={[Function]}
          type="date"
        />
      </div>
    </div>
  </div>
</form>
`;
