// Jest Snapshot v1, https://goo.gl/fbAQLP

exports[`snapshot 1`] = `
<div
  className="ui stackable menu"
>
  <a
    aria-current="page"
    className="item"
    href="/"
    onClick={[Function]}
  >
    <img
      alt="Banana Tracker logo"
      className="logo"
      src={Object {}}
    />
    Banana Tracker
  </a>
  <a
    className="item"
    href="/analytics"
    onClick={[Function]}
  >
    Analytics
  </a>
  <a
    className="item"
    href="/buy"
    onClick={[Function]}
  >
    Buy
  </a>
  <a
    className="item"
    href="/sell"
    onClick={[Function]}
  >
    Sell
  </a>
</div>
`;
